// Jest Snapshot v1, https://goo.gl/fbAQLP

exports[`Request Page All Request should display pending request 1`] = `"<tbody class=\\"MuiTableBody-root table-body\\"><tr class=\\"MuiTableRow-root\\"><th class=\\"MuiTableCell-root MuiTableCell-body\\" scope=\\"row\\">2017/09/21</th><td class=\\"MuiTableCell-root MuiTableCell-body\\">Data science algorithms</td><td class=\\"MuiTableCell-root MuiTableCell-body\\"><span class=\\"status\\" style=\\"background-color: rgb(0, 0, 0);\\">pending</span></td></tr><tr class=\\"MuiTableRow-root\\"><th class=\\"MuiTableCell-root MuiTableCell-body\\" scope=\\"row\\">2017/08/13</th><td class=\\"MuiTableCell-root MuiTableCell-body\\">Stakeholder dashboards</td><td class=\\"MuiTableCell-root MuiTableCell-body\\"><span class=\\"status\\" style=\\"background-color: rgb(85, 108, 214);\\">approved</span></td></tr><tr class=\\"MuiTableRow-root\\"><th class=\\"MuiTableCell-root MuiTableCell-body\\" scope=\\"row\\">2017/07/03</th><td class=\\"MuiTableCell-root MuiTableCell-body\\">Email Blast</td><td class=\\"MuiTableCell-root MuiTableCell-body\\"><span class=\\"status\\" style=\\"background-color: red;\\">denied</span></td></tr><tr class=\\"MuiTableRow-root\\"><th class=\\"MuiTableCell-root MuiTableCell-body\\" scope=\\"row\\">2017/02/09</th><td class=\\"MuiTableCell-root MuiTableCell-body\\">Investigation</td><td class=\\"MuiTableCell-root MuiTableCell-body\\"><span class=\\"status\\" style=\\"background-color: rgb(85, 108, 214);\\">approved</span></td></tr><tr class=\\"MuiTableRow-root\\"><th class=\\"MuiTableCell-root MuiTableCell-body\\" scope=\\"row\\">2017/09/21</th><td class=\\"MuiTableCell-root MuiTableCell-body\\">Data science algorithms</td><td class=\\"MuiTableCell-root MuiTableCell-body\\"><span class=\\"status\\" style=\\"background-color: rgb(0, 0, 0);\\">pending</span></td></tr><tr class=\\"MuiTableRow-root\\"><th class=\\"MuiTableCell-root MuiTableCell-body\\" scope=\\"row\\">2017/08/13</th><td class=\\"MuiTableCell-root MuiTableCell-body\\">Stakeholder dashboards</td><td class=\\"MuiTableCell-root MuiTableCell-body\\"><span class=\\"status\\" style=\\"background-color: rgb(85, 108, 214);\\">approved</span></td></tr><tr class=\\"MuiTableRow-root\\"><th class=\\"MuiTableCell-root MuiTableCell-body\\" scope=\\"row\\">2017/07/03</th><td class=\\"MuiTableCell-root MuiTableCell-body\\">Email Blast</td><td class=\\"MuiTableCell-root MuiTableCell-body\\"><span class=\\"status\\" style=\\"background-color: red;\\">denied</span></td></tr><tr class=\\"MuiTableRow-root\\"><th class=\\"MuiTableCell-root MuiTableCell-body\\" scope=\\"row\\">2017/02/09</th><td class=\\"MuiTableCell-root MuiTableCell-body\\">Investigation</td><td class=\\"MuiTableCell-root MuiTableCell-body\\"><span class=\\"status\\" style=\\"background-color: rgb(85, 108, 214);\\">approved</span></td></tr><tr class=\\"MuiTableRow-root\\"><th class=\\"MuiTableCell-root MuiTableCell-body\\" scope=\\"row\\">2017/09/21</th><td class=\\"MuiTableCell-root MuiTableCell-body\\">Data science algorithms</td><td class=\\"MuiTableCell-root MuiTableCell-body\\"><span class=\\"status\\" style=\\"background-color: rgb(0, 0, 0);\\">pending</span></td></tr><tr class=\\"MuiTableRow-root\\"><th class=\\"MuiTableCell-root MuiTableCell-body\\" scope=\\"row\\">2017/08/13</th><td class=\\"MuiTableCell-root MuiTableCell-body\\">Stakeholder dashboards</td><td class=\\"MuiTableCell-root MuiTableCell-body\\"><span class=\\"status\\" style=\\"background-color: rgb(85, 108, 214);\\">approved</span></td></tr><tr class=\\"MuiTableRow-root\\"><th class=\\"MuiTableCell-root MuiTableCell-body\\" scope=\\"row\\">2017/07/03</th><td class=\\"MuiTableCell-root MuiTableCell-body\\">Email Blast</td><td class=\\"MuiTableCell-root MuiTableCell-body\\"><span class=\\"status\\" style=\\"background-color: red;\\">denied</span></td></tr><tr class=\\"MuiTableRow-root\\"><th class=\\"MuiTableCell-root MuiTableCell-body\\" scope=\\"row\\">2017/02/09</th><td class=\\"MuiTableCell-root MuiTableCell-body\\">Investigation</td><td class=\\"MuiTableCell-root MuiTableCell-body\\"><span class=\\"status\\" style=\\"background-color: rgb(85, 108, 214);\\">approved</span></td></tr></tbody>"`;

exports[`Request Page Filtered denied Request should display denied request 1`] = `"<tbody class=\\"MuiTableBody-root table-body\\"><tr class=\\"MuiTableRow-root\\"><th class=\\"MuiTableCell-root MuiTableCell-body\\" scope=\\"row\\">2017/07/03</th><td class=\\"MuiTableCell-root MuiTableCell-body\\">Email Blast</td><td class=\\"MuiTableCell-root MuiTableCell-body\\"><span class=\\"status\\" style=\\"background-color: red;\\">denied</span></td></tr><tr class=\\"MuiTableRow-root\\"><th class=\\"MuiTableCell-root MuiTableCell-body\\" scope=\\"row\\">2017/07/03</th><td class=\\"MuiTableCell-root MuiTableCell-body\\">Email Blast</td><td class=\\"MuiTableCell-root MuiTableCell-body\\"><span class=\\"status\\" style=\\"background-color: red;\\">denied</span></td></tr><tr class=\\"MuiTableRow-root\\"><th class=\\"MuiTableCell-root MuiTableCell-body\\" scope=\\"row\\">2017/07/03</th><td class=\\"MuiTableCell-root MuiTableCell-body\\">Email Blast</td><td class=\\"MuiTableCell-root MuiTableCell-body\\"><span class=\\"status\\" style=\\"background-color: red;\\">denied</span></td></tr></tbody>"`;
